Archive member included because of file (symbol)

../libmy_lcd.a(LCD3_3-InitProc.o)
                              ./my_uart_init_rx_tx.o (my_lcd_init)
c:/program files (x86)/mhv avr tools/bin/../lib/gcc/avr/4.7.1/avr5\libgcc.a(_umulhisi3.o)
                              ./my_uart_init_rx_tx.o (__umulhisi3)
c:/program files (x86)/mhv avr tools/bin/../lib/gcc/avr/4.7.1/avr5\libgcc.a(_divmodsi4.o)
                              ./my_uart_init_rx_tx.o (__divmodsi4)
c:/program files (x86)/mhv avr tools/bin/../lib/gcc/avr/4.7.1/avr5\libgcc.a(_exit.o)
                              c:/program files (x86)/mhv avr tools/bin/../lib/gcc/avr/4.7.1/../../../../avr/lib/avr5/crtm328p.o (exit)
c:/program files (x86)/mhv avr tools/bin/../lib/gcc/avr/4.7.1/avr5\libgcc.a(_copy_data.o)
                              ./my_uart_init_rx_tx.o (__do_copy_data)
c:/program files (x86)/mhv avr tools/bin/../lib/gcc/avr/4.7.1/avr5\libgcc.a(_clear_bss.o)
                              ../libmy_lcd.a(LCD3_3-InitProc.o) (__do_clear_bss)
c:/program files (x86)/mhv avr tools/bin/../lib/gcc/avr/4.7.1/avr5\libgcc.a(_udivmodsi4.o)
                              c:/program files (x86)/mhv avr tools/bin/../lib/gcc/avr/4.7.1/avr5\libgcc.a(_divmodsi4.o) (__udivmodsi4)
c:/program files (x86)/mhv avr tools/bin/../lib/gcc/avr/4.7.1/../../../../avr/lib/avr5\libc.a(snprintf.o)
                              ./my_uart_init_rx_tx.o (snprintf)
c:/program files (x86)/mhv avr tools/bin/../lib/gcc/avr/4.7.1/../../../../avr/lib/avr5\libc.a(vfprintf_std.o)
                              c:/program files (x86)/mhv avr tools/bin/../lib/gcc/avr/4.7.1/../../../../avr/lib/avr5\libc.a(snprintf.o) (vfprintf)
c:/program files (x86)/mhv avr tools/bin/../lib/gcc/avr/4.7.1/../../../../avr/lib/avr5\libc.a(strnlen_P.o)
                              c:/program files (x86)/mhv avr tools/bin/../lib/gcc/avr/4.7.1/../../../../avr/lib/avr5\libc.a(vfprintf_std.o) (strnlen_P)
c:/program files (x86)/mhv avr tools/bin/../lib/gcc/avr/4.7.1/../../../../avr/lib/avr5\libc.a(strnlen.o)
                              c:/program files (x86)/mhv avr tools/bin/../lib/gcc/avr/4.7.1/../../../../avr/lib/avr5\libc.a(vfprintf_std.o) (strnlen)
c:/program files (x86)/mhv avr tools/bin/../lib/gcc/avr/4.7.1/../../../../avr/lib/avr5\libc.a(fputc.o)
                              c:/program files (x86)/mhv avr tools/bin/../lib/gcc/avr/4.7.1/../../../../avr/lib/avr5\libc.a(vfprintf_std.o) (fputc)
c:/program files (x86)/mhv avr tools/bin/../lib/gcc/avr/4.7.1/../../../../avr/lib/avr5\libc.a(ultoa_invert.o)
                              c:/program files (x86)/mhv avr tools/bin/../lib/gcc/avr/4.7.1/../../../../avr/lib/avr5\libc.a(vfprintf_std.o) (__ultoa_invert)
c:/program files (x86)/mhv avr tools/bin/../lib/gcc/avr/4.7.1/avr5\libgcc.a(_prologue.o)
                              c:/program files (x86)/mhv avr tools/bin/../lib/gcc/avr/4.7.1/../../../../avr/lib/avr5\libc.a(vfprintf_std.o) (__prologue_saves__)
c:/program files (x86)/mhv avr tools/bin/../lib/gcc/avr/4.7.1/avr5\libgcc.a(_epilogue.o)
                              c:/program files (x86)/mhv avr tools/bin/../lib/gcc/avr/4.7.1/../../../../avr/lib/avr5\libc.a(vfprintf_std.o) (__epilogue_restores__)

Memory Configuration

Name             Origin             Length             Attributes
text             0x00000000         0x00020000         xr
data             0x00800060         0x0000ffa0         rw !x
eeprom           0x00810000         0x00010000         rw !x
fuse             0x00820000         0x00000400         rw !x
lock             0x00830000         0x00000400         rw !x
signature        0x00840000         0x00000400         rw !x
*default*        0x00000000         0xffffffff

Linker script and memory map

Address of section .data set to 0x800100
LOAD c:/program files (x86)/mhv avr tools/bin/../lib/gcc/avr/4.7.1/../../../../avr/lib/avr5/crtm328p.o
LOAD ./my_uart_init_rx_tx.o
LOAD ../libmy_lcd.a
LOAD ../libser.a
LOAD c:/program files (x86)/mhv avr tools/bin/../lib/gcc/avr/4.7.1/avr5\libgcc.a
LOAD c:/program files (x86)/mhv avr tools/bin/../lib/gcc/avr/4.7.1/../../../../avr/lib/avr5\libc.a
LOAD c:/program files (x86)/mhv avr tools/bin/../lib/gcc/avr/4.7.1/avr5\libgcc.a

.hash
 *(.hash)

.dynsym
 *(.dynsym)

.dynstr
 *(.dynstr)

.gnu.version
 *(.gnu.version)

.gnu.version_d
 *(.gnu.version_d)

.gnu.version_r
 *(.gnu.version_r)

.rel.init
 *(.rel.init)

.rela.init
 *(.rela.init)

.rel.text
 *(.rel.text)
 *(.rel.text.*)
 *(.rel.gnu.linkonce.t*)

.rela.text
 *(.rela.text)
 *(.rela.text.*)
 *(.rela.gnu.linkonce.t*)

.rel.fini
 *(.rel.fini)

.rela.fini
 *(.rela.fini)

.rel.rodata
 *(.rel.rodata)
 *(.rel.rodata.*)
 *(.rel.gnu.linkonce.r*)

.rela.rodata
 *(.rela.rodata)
 *(.rela.rodata.*)
 *(.rela.gnu.linkonce.r*)

.rel.data
 *(.rel.data)
 *(.rel.data.*)
 *(.rel.gnu.linkonce.d*)

.rela.data
 *(.rela.data)
 *(.rela.data.*)
 *(.rela.gnu.linkonce.d*)

.rel.ctors
 *(.rel.ctors)

.rela.ctors
 *(.rela.ctors)

.rel.dtors
 *(.rel.dtors)

.rela.dtors
 *(.rela.dtors)

.rel.got
 *(.rel.got)

.rela.got
 *(.rela.got)

.rel.bss
 *(.rel.bss)

.rela.bss
 *(.rela.bss)

.rel.plt
 *(.rel.plt)

.rela.plt
 *(.rela.plt)

.text           0x00000000      0xd88
 *(.vectors)
 .vectors       0x00000000       0x68 c:/program files (x86)/mhv avr tools/bin/../lib/gcc/avr/4.7.1/../../../../avr/lib/avr5/crtm328p.o
                0x00000000                __vector_default
                0x00000000                __vectors
 *(.vectors)
 *(.progmem.gcc*)
 *(.progmem*)
                0x00000068                . = ALIGN (0x2)
                0x00000068                __trampolines_start = .
 *(.trampolines)
 .trampolines   0x00000068        0x0 linker stubs
 *(.trampolines*)
                0x00000068                __trampolines_end = .
 *(.jumptables)
 *(.jumptables*)
 *(.lowtext)
 *(.lowtext*)
                0x00000068                __ctors_start = .
 *(.ctors)
                0x00000068                __ctors_end = .
                0x00000068                __dtors_start = .
 *(.dtors)
                0x00000068                __dtors_end = .
 SORT(*)(.ctors)
 SORT(*)(.dtors)
 *(.init0)
 .init0         0x00000068        0x0 c:/program files (x86)/mhv avr tools/bin/../lib/gcc/avr/4.7.1/../../../../avr/lib/avr5/crtm328p.o
                0x00000068                __init
 *(.init0)
 *(.init1)
 *(.init1)
 *(.init2)
 .init2         0x00000068        0xc c:/program files (x86)/mhv avr tools/bin/../lib/gcc/avr/4.7.1/../../../../avr/lib/avr5/crtm328p.o
 *(.init2)
 *(.init3)
 *(.init3)
 *(.init4)
 .init4         0x00000074       0x16 c:/program files (x86)/mhv avr tools/bin/../lib/gcc/avr/4.7.1/avr5\libgcc.a(_copy_data.o)
                0x00000074                __do_copy_data
 .init4         0x0000008a       0x10 c:/program files (x86)/mhv avr tools/bin/../lib/gcc/avr/4.7.1/avr5\libgcc.a(_clear_bss.o)
                0x0000008a                __do_clear_bss
 *(.init4)
 *(.init5)
 *(.init5)
 *(.init6)
 *(.init6)
 *(.init7)
 *(.init7)
 *(.init8)
 *(.init8)
 *(.init9)
 .init9         0x0000009a        0x8 c:/program files (x86)/mhv avr tools/bin/../lib/gcc/avr/4.7.1/../../../../avr/lib/avr5/crtm328p.o
 *(.init9)
 *(.text)
 .text          0x000000a2        0x4 c:/program files (x86)/mhv avr tools/bin/../lib/gcc/avr/4.7.1/../../../../avr/lib/avr5/crtm328p.o
                0x000000a2                __vector_22
                0x000000a2                __vector_1
                0x000000a2                __vector_24
                0x000000a2                __vector_12
                0x000000a2                __bad_interrupt
                0x000000a2                __vector_6
                0x000000a2                __vector_3
                0x000000a2                __vector_23
                0x000000a2                __vector_25
                0x000000a2                __vector_11
                0x000000a2                __vector_13
                0x000000a2                __vector_17
                0x000000a2                __vector_19
                0x000000a2                __vector_7
                0x000000a2                __vector_5
                0x000000a2                __vector_4
                0x000000a2                __vector_9
                0x000000a2                __vector_2
                0x000000a2                __vector_21
                0x000000a2                __vector_15
                0x000000a2                __vector_8
                0x000000a2                __vector_14
                0x000000a2                __vector_10
                0x000000a2                __vector_16
                0x000000a2                __vector_18
                0x000000a2                __vector_20
 .text          0x000000a6        0x0 ./my_uart_init_rx_tx.o
 .text          0x000000a6        0x0 ../libmy_lcd.a(LCD3_3-InitProc.o)
 .text          0x000000a6        0x0 c:/program files (x86)/mhv avr tools/bin/../lib/gcc/avr/4.7.1/avr5\libgcc.a(_umulhisi3.o)
 .text          0x000000a6        0x0 c:/program files (x86)/mhv avr tools/bin/../lib/gcc/avr/4.7.1/avr5\libgcc.a(_divmodsi4.o)
 .text          0x000000a6        0x0 c:/program files (x86)/mhv avr tools/bin/../lib/gcc/avr/4.7.1/avr5\libgcc.a(_exit.o)
 .text          0x000000a6        0x0 c:/program files (x86)/mhv avr tools/bin/../lib/gcc/avr/4.7.1/avr5\libgcc.a(_copy_data.o)
 .text          0x000000a6        0x0 c:/program files (x86)/mhv avr tools/bin/../lib/gcc/avr/4.7.1/avr5\libgcc.a(_clear_bss.o)
 .text          0x000000a6        0x0 c:/program files (x86)/mhv avr tools/bin/../lib/gcc/avr/4.7.1/avr5\libgcc.a(_udivmodsi4.o)
 .text          0x000000a6        0x0 c:/program files (x86)/mhv avr tools/bin/../lib/gcc/avr/4.7.1/../../../../avr/lib/avr5\libc.a(snprintf.o)
 .text          0x000000a6        0x0 c:/program files (x86)/mhv avr tools/bin/../lib/gcc/avr/4.7.1/../../../../avr/lib/avr5\libc.a(vfprintf_std.o)
 .text          0x000000a6        0x0 c:/program files (x86)/mhv avr tools/bin/../lib/gcc/avr/4.7.1/../../../../avr/lib/avr5\libc.a(strnlen_P.o)
 .text          0x000000a6        0x0 c:/program files (x86)/mhv avr tools/bin/../lib/gcc/avr/4.7.1/../../../../avr/lib/avr5\libc.a(strnlen.o)
 .text          0x000000a6        0x0 c:/program files (x86)/mhv avr tools/bin/../lib/gcc/avr/4.7.1/../../../../avr/lib/avr5\libc.a(fputc.o)
 .text          0x000000a6        0x0 c:/program files (x86)/mhv avr tools/bin/../lib/gcc/avr/4.7.1/../../../../avr/lib/avr5\libc.a(ultoa_invert.o)
 .text          0x000000a6        0x0 c:/program files (x86)/mhv avr tools/bin/../lib/gcc/avr/4.7.1/avr5\libgcc.a(_prologue.o)
 .text          0x000000a6        0x0 c:/program files (x86)/mhv avr tools/bin/../lib/gcc/avr/4.7.1/avr5\libgcc.a(_epilogue.o)
                0x000000a6                . = ALIGN (0x2)
 *(.text.*)
 .text.my_uart0_init
                0x000000a6       0x3a ./my_uart_init_rx_tx.o
                0x000000a6                my_uart0_init
 .text.my_uart0_rx_byte
                0x000000e0        0xe ./my_uart_init_rx_tx.o
                0x000000e0                my_uart0_rx_byte
 .text.my_uart0_tx_byte
                0x000000ee        0xe ./my_uart_init_rx_tx.o
                0x000000ee                my_uart0_tx_byte
 .text.startup.main
                0x000000fc       0xa6 ./my_uart_init_rx_tx.o
                0x000000fc                main
 .text.ctrl_set
                0x000001a2       0x18 ../libmy_lcd.a(LCD3_3-InitProc.o)
 .text.ctrl_clear
                0x000001ba       0x1a ../libmy_lcd.a(LCD3_3-InitProc.o)
 .text.pulse_EN
                0x000001d4       0x14 ../libmy_lcd.a(LCD3_3-InitProc.o)
 .text.LCD_checkBusy
                0x000001e8       0x3a ../libmy_lcd.a(LCD3_3-InitProc.o)
 .text.LCD_writeInstruction
                0x00000222       0x5e ../libmy_lcd.a(LCD3_3-InitProc.o)
 .text.my_lcd_clear
                0x00000280       0x4c ../libmy_lcd.a(LCD3_3-InitProc.o)
                0x00000280                my_lcd_clear
 .text.my_lcd_init
                0x000002cc       0xe6 ../libmy_lcd.a(LCD3_3-InitProc.o)
                0x000002cc                my_lcd_init
 .text.my_lcd_display
                0x000003b2      0x106 ../libmy_lcd.a(LCD3_3-InitProc.o)
                0x000003b2                my_lcd_display
 .text.my_lcd_display_AutoWrap
                0x000004b8      0x24e ../libmy_lcd.a(LCD3_3-InitProc.o)
                0x000004b8                my_lcd_display_AutoWrap
 .text.libgcc.mul
                0x00000706       0x18 c:/program files (x86)/mhv avr tools/bin/../lib/gcc/avr/4.7.1/avr5\libgcc.a(_umulhisi3.o)
                0x00000706                __umulhisi3
 .text.libgcc.div
                0x0000071e        0x0 c:/program files (x86)/mhv avr tools/bin/../lib/gcc/avr/4.7.1/avr5\libgcc.a(_umulhisi3.o)
 .text.libgcc   0x0000071e        0x0 c:/program files (x86)/mhv avr tools/bin/../lib/gcc/avr/4.7.1/avr5\libgcc.a(_umulhisi3.o)
 .text.libgcc.prologue
                0x0000071e        0x0 c:/program files (x86)/mhv avr tools/bin/../lib/gcc/avr/4.7.1/avr5\libgcc.a(_umulhisi3.o)
 .text.libgcc.builtins
                0x0000071e        0x0 c:/program files (x86)/mhv avr tools/bin/../lib/gcc/avr/4.7.1/avr5\libgcc.a(_umulhisi3.o)
 .text.libgcc.fmul
                0x0000071e        0x0 c:/program files (x86)/mhv avr tools/bin/../lib/gcc/avr/4.7.1/avr5\libgcc.a(_umulhisi3.o)
 .text.libgcc.mul
                0x0000071e        0x0 c:/program files (x86)/mhv avr tools/bin/../lib/gcc/avr/4.7.1/avr5\libgcc.a(_divmodsi4.o)
 .text.libgcc.div
                0x0000071e       0x38 c:/program files (x86)/mhv avr tools/bin/../lib/gcc/avr/4.7.1/avr5\libgcc.a(_divmodsi4.o)
                0x0000071e                __divmodsi4
 .text.libgcc   0x00000756        0x0 c:/program files (x86)/mhv avr tools/bin/../lib/gcc/avr/4.7.1/avr5\libgcc.a(_divmodsi4.o)
 .text.libgcc.prologue
                0x00000756        0x0 c:/program files (x86)/mhv avr tools/bin/../lib/gcc/avr/4.7.1/avr5\libgcc.a(_divmodsi4.o)
 .text.libgcc.builtins
                0x00000756        0x0 c:/program files (x86)/mhv avr tools/bin/../lib/gcc/avr/4.7.1/avr5\libgcc.a(_divmodsi4.o)
 .text.libgcc.fmul
                0x00000756        0x0 c:/program files (x86)/mhv avr tools/bin/../lib/gcc/avr/4.7.1/avr5\libgcc.a(_divmodsi4.o)
 .text.libgcc.mul
                0x00000756        0x0 c:/program files (x86)/mhv avr tools/bin/../lib/gcc/avr/4.7.1/avr5\libgcc.a(_exit.o)
 .text.libgcc.div
                0x00000756        0x0 c:/program files (x86)/mhv avr tools/bin/../lib/gcc/avr/4.7.1/avr5\libgcc.a(_exit.o)
 .text.libgcc   0x00000756        0x0 c:/program files (x86)/mhv avr tools/bin/../lib/gcc/avr/4.7.1/avr5\libgcc.a(_exit.o)
 .text.libgcc.prologue
                0x00000756        0x0 c:/program files (x86)/mhv avr tools/bin/../lib/gcc/avr/4.7.1/avr5\libgcc.a(_exit.o)
 .text.libgcc.builtins
                0x00000756        0x0 c:/program files (x86)/mhv avr tools/bin/../lib/gcc/avr/4.7.1/avr5\libgcc.a(_exit.o)
 .text.libgcc.fmul
                0x00000756        0x0 c:/program files (x86)/mhv avr tools/bin/../lib/gcc/avr/4.7.1/avr5\libgcc.a(_exit.o)
 .text.libgcc.mul
                0x00000756        0x0 c:/program files (x86)/mhv avr tools/bin/../lib/gcc/avr/4.7.1/avr5\libgcc.a(_copy_data.o)
 .text.libgcc.div
                0x00000756        0x0 c:/program files (x86)/mhv avr tools/bin/../lib/gcc/avr/4.7.1/avr5\libgcc.a(_copy_data.o)
 .text.libgcc   0x00000756        0x0 c:/program files (x86)/mhv avr tools/bin/../lib/gcc/avr/4.7.1/avr5\libgcc.a(_copy_data.o)
 .text.libgcc.prologue
                0x00000756        0x0 c:/program files (x86)/mhv avr tools/bin/../lib/gcc/avr/4.7.1/avr5\libgcc.a(_copy_data.o)
 .text.libgcc.builtins
                0x00000756        0x0 c:/program files (x86)/mhv avr tools/bin/../lib/gcc/avr/4.7.1/avr5\libgcc.a(_copy_data.o)
 .text.libgcc.fmul
                0x00000756        0x0 c:/program files (x86)/mhv avr tools/bin/../lib/gcc/avr/4.7.1/avr5\libgcc.a(_copy_data.o)
 .text.libgcc.mul
                0x00000756        0x0 c:/program files (x86)/mhv avr tools/bin/../lib/gcc/avr/4.7.1/avr5\libgcc.a(_clear_bss.o)
 .text.libgcc.div
                0x00000756        0x0 c:/program files (x86)/mhv avr tools/bin/../lib/gcc/avr/4.7.1/avr5\libgcc.a(_clear_bss.o)
 .text.libgcc   0x00000756        0x0 c:/program files (x86)/mhv avr tools/bin/../lib/gcc/avr/4.7.1/avr5\libgcc.a(_clear_bss.o)
 .text.libgcc.prologue
                0x00000756        0x0 c:/program files (x86)/mhv avr tools/bin/../lib/gcc/avr/4.7.1/avr5\libgcc.a(_clear_bss.o)
 .text.libgcc.builtins
                0x00000756        0x0 c:/program files (x86)/mhv avr tools/bin/../lib/gcc/avr/4.7.1/avr5\libgcc.a(_clear_bss.o)
 .text.libgcc.fmul
                0x00000756        0x0 c:/program files (x86)/mhv avr tools/bin/../lib/gcc/avr/4.7.1/avr5\libgcc.a(_clear_bss.o)
 .text.libgcc.mul
                0x00000756        0x0 c:/program files (x86)/mhv avr tools/bin/../lib/gcc/avr/4.7.1/avr5\libgcc.a(_udivmodsi4.o)
 .text.libgcc.div
                0x00000756       0x44 c:/program files (x86)/mhv avr tools/bin/../lib/gcc/avr/4.7.1/avr5\libgcc.a(_udivmodsi4.o)
                0x00000756                __udivmodsi4
 .text.libgcc   0x0000079a        0x0 c:/program files (x86)/mhv avr tools/bin/../lib/gcc/avr/4.7.1/avr5\libgcc.a(_udivmodsi4.o)
 .text.libgcc.prologue
                0x0000079a        0x0 c:/program files (x86)/mhv avr tools/bin/../lib/gcc/avr/4.7.1/avr5\libgcc.a(_udivmodsi4.o)
 .text.libgcc.builtins
                0x0000079a        0x0 c:/program files (x86)/mhv avr tools/bin/../lib/gcc/avr/4.7.1/avr5\libgcc.a(_udivmodsi4.o)
 .text.libgcc.fmul
                0x0000079a        0x0 c:/program files (x86)/mhv avr tools/bin/../lib/gcc/avr/4.7.1/avr5\libgcc.a(_udivmodsi4.o)
 .text.avr-libc
                0x0000079a       0x7a c:/program files (x86)/mhv avr tools/bin/../lib/gcc/avr/4.7.1/../../../../avr/lib/avr5\libc.a(snprintf.o)
                0x0000079a                snprintf
 .text.avr-libc
                0x00000814      0x3ae c:/program files (x86)/mhv avr tools/bin/../lib/gcc/avr/4.7.1/../../../../avr/lib/avr5\libc.a(vfprintf_std.o)
                0x00000814                vfprintf
 .text.avr-libc
                0x00000bc2       0x16 c:/program files (x86)/mhv avr tools/bin/../lib/gcc/avr/4.7.1/../../../../avr/lib/avr5\libc.a(strnlen_P.o)
                0x00000bc2                strnlen_P
 .text.avr-libc
                0x00000bd8       0x16 c:/program files (x86)/mhv avr tools/bin/../lib/gcc/avr/4.7.1/../../../../avr/lib/avr5\libc.a(strnlen.o)
                0x00000bd8                strnlen
 .text.avr-libc
                0x00000bee       0x6c c:/program files (x86)/mhv avr tools/bin/../lib/gcc/avr/4.7.1/../../../../avr/lib/avr5\libc.a(fputc.o)
                0x00000bee                fputc
 .text.avr-libc
                0x00000c5a       0xbc c:/program files (x86)/mhv avr tools/bin/../lib/gcc/avr/4.7.1/../../../../avr/lib/avr5\libc.a(ultoa_invert.o)
                0x00000c5a                __ultoa_invert
 .text.libgcc.mul
                0x00000d16        0x0 c:/program files (x86)/mhv avr tools/bin/../lib/gcc/avr/4.7.1/avr5\libgcc.a(_prologue.o)
 .text.libgcc.div
                0x00000d16        0x0 c:/program files (x86)/mhv avr tools/bin/../lib/gcc/avr/4.7.1/avr5\libgcc.a(_prologue.o)
 .text.libgcc   0x00000d16        0x0 c:/program files (x86)/mhv avr tools/bin/../lib/gcc/avr/4.7.1/avr5\libgcc.a(_prologue.o)
 .text.libgcc.prologue
                0x00000d16       0x38 c:/program files (x86)/mhv avr tools/bin/../lib/gcc/avr/4.7.1/avr5\libgcc.a(_prologue.o)
                0x00000d16                __prologue_saves__
 .text.libgcc.builtins
                0x00000d4e        0x0 c:/program files (x86)/mhv avr tools/bin/../lib/gcc/avr/4.7.1/avr5\libgcc.a(_prologue.o)
 .text.libgcc.fmul
                0x00000d4e        0x0 c:/program files (x86)/mhv avr tools/bin/../lib/gcc/avr/4.7.1/avr5\libgcc.a(_prologue.o)
 .text.libgcc.mul
                0x00000d4e        0x0 c:/program files (x86)/mhv avr tools/bin/../lib/gcc/avr/4.7.1/avr5\libgcc.a(_epilogue.o)
 .text.libgcc.div
                0x00000d4e        0x0 c:/program files (x86)/mhv avr tools/bin/../lib/gcc/avr/4.7.1/avr5\libgcc.a(_epilogue.o)
 .text.libgcc   0x00000d4e        0x0 c:/program files (x86)/mhv avr tools/bin/../lib/gcc/avr/4.7.1/avr5\libgcc.a(_epilogue.o)
 .text.libgcc.prologue
                0x00000d4e       0x36 c:/program files (x86)/mhv avr tools/bin/../lib/gcc/avr/4.7.1/avr5\libgcc.a(_epilogue.o)
                0x00000d4e                __epilogue_restores__
 .text.libgcc.builtins
                0x00000d84        0x0 c:/program files (x86)/mhv avr tools/bin/../lib/gcc/avr/4.7.1/avr5\libgcc.a(_epilogue.o)
 .text.libgcc.fmul
                0x00000d84        0x0 c:/program files (x86)/mhv avr tools/bin/../lib/gcc/avr/4.7.1/avr5\libgcc.a(_epilogue.o)
                0x00000d84                . = ALIGN (0x2)
 *(.fini9)
 .fini9         0x00000d84        0x0 c:/program files (x86)/mhv avr tools/bin/../lib/gcc/avr/4.7.1/avr5\libgcc.a(_exit.o)
                0x00000d84                _exit
                0x00000d84                exit
 *(.fini9)
 *(.fini8)
 *(.fini8)
 *(.fini7)
 *(.fini7)
 *(.fini6)
 *(.fini6)
 *(.fini5)
 *(.fini5)
 *(.fini4)
 *(.fini4)
 *(.fini3)
 *(.fini3)
 *(.fini2)
 *(.fini2)
 *(.fini1)
 *(.fini1)
 *(.fini0)
 .fini0         0x00000d84        0x4 c:/program files (x86)/mhv avr tools/bin/../lib/gcc/avr/4.7.1/avr5\libgcc.a(_exit.o)
 *(.fini0)
                0x00000d88                _etext = .

.data           0x00800100        0x4 load address 0x00000d88
                0x00800100                PROVIDE (__data_start, .)
 *(.data)
 .data          0x00800100        0x0 c:/program files (x86)/mhv avr tools/bin/../lib/gcc/avr/4.7.1/../../../../avr/lib/avr5/crtm328p.o
 .data          0x00800100        0x0 ./my_uart_init_rx_tx.o
 .data          0x00800100        0x0 ../libmy_lcd.a(LCD3_3-InitProc.o)
 .data          0x00800100        0x0 c:/program files (x86)/mhv avr tools/bin/../lib/gcc/avr/4.7.1/avr5\libgcc.a(_umulhisi3.o)
 .data          0x00800100        0x0 c:/program files (x86)/mhv avr tools/bin/../lib/gcc/avr/4.7.1/avr5\libgcc.a(_divmodsi4.o)
 .data          0x00800100        0x0 c:/program files (x86)/mhv avr tools/bin/../lib/gcc/avr/4.7.1/avr5\libgcc.a(_exit.o)
 .data          0x00800100        0x0 c:/program files (x86)/mhv avr tools/bin/../lib/gcc/avr/4.7.1/avr5\libgcc.a(_copy_data.o)
 .data          0x00800100        0x0 c:/program files (x86)/mhv avr tools/bin/../lib/gcc/avr/4.7.1/avr5\libgcc.a(_clear_bss.o)
 .data          0x00800100        0x0 c:/program files (x86)/mhv avr tools/bin/../lib/gcc/avr/4.7.1/avr5\libgcc.a(_udivmodsi4.o)
 .data          0x00800100        0x0 c:/program files (x86)/mhv avr tools/bin/../lib/gcc/avr/4.7.1/../../../../avr/lib/avr5\libc.a(snprintf.o)
 .data          0x00800100        0x0 c:/program files (x86)/mhv avr tools/bin/../lib/gcc/avr/4.7.1/../../../../avr/lib/avr5\libc.a(vfprintf_std.o)
 .data          0x00800100        0x0 c:/program files (x86)/mhv avr tools/bin/../lib/gcc/avr/4.7.1/../../../../avr/lib/avr5\libc.a(strnlen_P.o)
 .data          0x00800100        0x0 c:/program files (x86)/mhv avr tools/bin/../lib/gcc/avr/4.7.1/../../../../avr/lib/avr5\libc.a(strnlen.o)
 .data          0x00800100        0x0 c:/program files (x86)/mhv avr tools/bin/../lib/gcc/avr/4.7.1/../../../../avr/lib/avr5\libc.a(fputc.o)
 .data          0x00800100        0x0 c:/program files (x86)/mhv avr tools/bin/../lib/gcc/avr/4.7.1/../../../../avr/lib/avr5\libc.a(ultoa_invert.o)
 .data          0x00800100        0x0 c:/program files (x86)/mhv avr tools/bin/../lib/gcc/avr/4.7.1/avr5\libgcc.a(_prologue.o)
 .data          0x00800100        0x0 c:/program files (x86)/mhv avr tools/bin/../lib/gcc/avr/4.7.1/avr5\libgcc.a(_epilogue.o)
 *(.data*)
 *(.rodata)
 *(.rodata*)
 .rodata.str1.1
                0x00800100        0x3 ./my_uart_init_rx_tx.o
 .rodata.str1.1
                0x00000000        0x3 ../libmy_lcd.a(LCD3_3-InitProc.o)
 *(.gnu.linkonce.d*)
                0x00800104                . = ALIGN (0x2)
 *fill*         0x00800103        0x1 
                0x00800104                _edata = .
                0x00800104                PROVIDE (__data_end, .)

.bss            0x00800104        0x2
                0x00800104                PROVIDE (__bss_start, .)
 *(.bss)
 .bss           0x00800104        0x0 c:/program files (x86)/mhv avr tools/bin/../lib/gcc/avr/4.7.1/../../../../avr/lib/avr5/crtm328p.o
 .bss           0x00800104        0x0 ./my_uart_init_rx_tx.o
 .bss           0x00800104        0x0 ../libmy_lcd.a(LCD3_3-InitProc.o)
 .bss           0x00800104        0x0 c:/program files (x86)/mhv avr tools/bin/../lib/gcc/avr/4.7.1/avr5\libgcc.a(_umulhisi3.o)
 .bss           0x00800104        0x0 c:/program files (x86)/mhv avr tools/bin/../lib/gcc/avr/4.7.1/avr5\libgcc.a(_divmodsi4.o)
 .bss           0x00800104        0x0 c:/program files (x86)/mhv avr tools/bin/../lib/gcc/avr/4.7.1/avr5\libgcc.a(_exit.o)
 .bss           0x00800104        0x0 c:/program files (x86)/mhv avr tools/bin/../lib/gcc/avr/4.7.1/avr5\libgcc.a(_copy_data.o)
 .bss           0x00800104        0x0 c:/program files (x86)/mhv avr tools/bin/../lib/gcc/avr/4.7.1/avr5\libgcc.a(_clear_bss.o)
 .bss           0x00800104        0x0 c:/program files (x86)/mhv avr tools/bin/../lib/gcc/avr/4.7.1/avr5\libgcc.a(_udivmodsi4.o)
 .bss           0x00800104        0x0 c:/program files (x86)/mhv avr tools/bin/../lib/gcc/avr/4.7.1/../../../../avr/lib/avr5\libc.a(snprintf.o)
 .bss           0x00800104        0x0 c:/program files (x86)/mhv avr tools/bin/../lib/gcc/avr/4.7.1/../../../../avr/lib/avr5\libc.a(vfprintf_std.o)
 .bss           0x00800104        0x0 c:/program files (x86)/mhv avr tools/bin/../lib/gcc/avr/4.7.1/../../../../avr/lib/avr5\libc.a(strnlen_P.o)
 .bss           0x00800104        0x0 c:/program files (x86)/mhv avr tools/bin/../lib/gcc/avr/4.7.1/../../../../avr/lib/avr5\libc.a(strnlen.o)
 .bss           0x00800104        0x0 c:/program files (x86)/mhv avr tools/bin/../lib/gcc/avr/4.7.1/../../../../avr/lib/avr5\libc.a(fputc.o)
 .bss           0x00800104        0x0 c:/program files (x86)/mhv avr tools/bin/../lib/gcc/avr/4.7.1/../../../../avr/lib/avr5\libc.a(ultoa_invert.o)
 .bss           0x00800104        0x0 c:/program files (x86)/mhv avr tools/bin/../lib/gcc/avr/4.7.1/avr5\libgcc.a(_prologue.o)
 .bss           0x00800104        0x0 c:/program files (x86)/mhv avr tools/bin/../lib/gcc/avr/4.7.1/avr5\libgcc.a(_epilogue.o)
 *(.bss*)
 .bss.bitmode   0x00800104        0x1 ../libmy_lcd.a(LCD3_3-InitProc.o)
 .bss.ctrl_port_mode_b
                0x00800105        0x1 ../libmy_lcd.a(LCD3_3-InitProc.o)
 *(COMMON)
                0x00800106                PROVIDE (__bss_end, .)
                0x00000d88                __data_load_start = LOADADDR (.data)
                0x00000d8c                __data_load_end = (__data_load_start + SIZEOF (.data))

.noinit         0x00800106        0x0
                0x00800106                PROVIDE (__noinit_start, .)
 *(.noinit*)
                0x00800106                PROVIDE (__noinit_end, .)
                0x00800106                _end = .
                0x00800106                PROVIDE (__heap_start, .)

.eeprom         0x00810000        0x0
 *(.eeprom*)
                0x00810000                __eeprom_end = .

.fuse
 *(.fuse)
 *(.lfuse)
 *(.hfuse)
 *(.efuse)

.lock
 *(.lock*)

.signature
 *(.signature*)

.stab
 *(.stab)

.stabstr
 *(.stabstr)

.stab.excl
 *(.stab.excl)

.stab.exclstr
 *(.stab.exclstr)

.stab.index
 *(.stab.index)

.stab.indexstr
 *(.stab.indexstr)

.comment        0x00000000       0x11
 *(.comment)
 .comment       0x00000000       0x11 ./my_uart_init_rx_tx.o
                                 0x12 (size before relaxing)
 .comment       0x00000000       0x12 ../libmy_lcd.a(LCD3_3-InitProc.o)
 .comment       0x00000000       0x12 c:/program files (x86)/mhv avr tools/bin/../lib/gcc/avr/4.7.1/../../../../avr/lib/avr5\libc.a(snprintf.o)
 .comment       0x00000000       0x12 c:/program files (x86)/mhv avr tools/bin/../lib/gcc/avr/4.7.1/../../../../avr/lib/avr5\libc.a(vfprintf_std.o)
 .comment       0x00000000       0x12 c:/program files (x86)/mhv avr tools/bin/../lib/gcc/avr/4.7.1/../../../../avr/lib/avr5\libc.a(fputc.o)

.debug
 *(.debug)

.line
 *(.line)

.debug_srcinfo
 *(.debug_srcinfo)

.debug_sfnames
 *(.debug_sfnames)

.debug_aranges
 *(.debug_aranges)

.debug_pubnames
 *(.debug_pubnames)

.debug_info
 *(.debug_info)
 *(.gnu.linkonce.wi.*)

.debug_abbrev
 *(.debug_abbrev)

.debug_line
 *(.debug_line)

.debug_frame
 *(.debug_frame)

.debug_str
 *(.debug_str)

.debug_loc
 *(.debug_loc)

.debug_macinfo
 *(.debug_macinfo)

.debug_pubtypes
 *(.debug_pubtypes)

.debug_ranges
 *(.debug_ranges)

.debug_macro
 *(.debug_macro)
OUTPUT(Lab5_UART_Init_Rx_Tx.elf elf32-avr)
LOAD linker stubs
