Archive member included because of file (symbol)

../libmy_lcd.a(LCD3_3-InitProc.o)
                              ./my_uart_init_rx_tx.o (my_lcd_init)
d:/program files (x86)/mhv avr tools/bin/../lib/gcc/avr/4.8.2/avr5\libgcc.a(_umulhisi3.o)
                              ./my_uart_init_rx_tx.o (__umulhisi3)
d:/program files (x86)/mhv avr tools/bin/../lib/gcc/avr/4.8.2/avr5\libgcc.a(_divmodsi4.o)
                              ./my_uart_init_rx_tx.o (__divmodsi4)
d:/program files (x86)/mhv avr tools/bin/../lib/gcc/avr/4.8.2/avr5\libgcc.a(_negsi2.o)
                              d:/program files (x86)/mhv avr tools/bin/../lib/gcc/avr/4.8.2/avr5\libgcc.a(_divmodsi4.o) (__negsi2)
d:/program files (x86)/mhv avr tools/bin/../lib/gcc/avr/4.8.2/avr5\libgcc.a(_exit.o)
                              d:/program files (x86)/mhv avr tools/bin/../lib/gcc/avr/4.8.2/../../../../avr/lib/avr5/crtm328p.o (exit)
d:/program files (x86)/mhv avr tools/bin/../lib/gcc/avr/4.8.2/avr5\libgcc.a(_copy_data.o)
                              ./my_uart_init_rx_tx.o (__do_copy_data)
d:/program files (x86)/mhv avr tools/bin/../lib/gcc/avr/4.8.2/avr5\libgcc.a(_clear_bss.o)
                              ../libmy_lcd.a(LCD3_3-InitProc.o) (__do_clear_bss)
d:/program files (x86)/mhv avr tools/bin/../lib/gcc/avr/4.8.2/avr5\libgcc.a(_udivmodsi4.o)
                              d:/program files (x86)/mhv avr tools/bin/../lib/gcc/avr/4.8.2/avr5\libgcc.a(_divmodsi4.o) (__udivmodsi4)
d:/program files (x86)/mhv avr tools/bin/../lib/gcc/avr/4.8.2/../../../../avr/lib/avr5\libc.a(snprintf.o)
                              ./my_uart_init_rx_tx.o (snprintf)
d:/program files (x86)/mhv avr tools/bin/../lib/gcc/avr/4.8.2/../../../../avr/lib/avr5\libc.a(vfprintf_std.o)
                              d:/program files (x86)/mhv avr tools/bin/../lib/gcc/avr/4.8.2/../../../../avr/lib/avr5\libc.a(snprintf.o) (vfprintf)
d:/program files (x86)/mhv avr tools/bin/../lib/gcc/avr/4.8.2/../../../../avr/lib/avr5\libc.a(strnlen_P.o)
                              d:/program files (x86)/mhv avr tools/bin/../lib/gcc/avr/4.8.2/../../../../avr/lib/avr5\libc.a(vfprintf_std.o) (strnlen_P)
d:/program files (x86)/mhv avr tools/bin/../lib/gcc/avr/4.8.2/../../../../avr/lib/avr5\libc.a(strnlen.o)
                              d:/program files (x86)/mhv avr tools/bin/../lib/gcc/avr/4.8.2/../../../../avr/lib/avr5\libc.a(vfprintf_std.o) (strnlen)
d:/program files (x86)/mhv avr tools/bin/../lib/gcc/avr/4.8.2/../../../../avr/lib/avr5\libc.a(fputc.o)
                              d:/program files (x86)/mhv avr tools/bin/../lib/gcc/avr/4.8.2/../../../../avr/lib/avr5\libc.a(vfprintf_std.o) (fputc)
d:/program files (x86)/mhv avr tools/bin/../lib/gcc/avr/4.8.2/../../../../avr/lib/avr5\libc.a(ultoa_invert.o)
                              d:/program files (x86)/mhv avr tools/bin/../lib/gcc/avr/4.8.2/../../../../avr/lib/avr5\libc.a(vfprintf_std.o) (__ultoa_invert)
d:/program files (x86)/mhv avr tools/bin/../lib/gcc/avr/4.8.2/avr5\libgcc.a(_prologue.o)
                              d:/program files (x86)/mhv avr tools/bin/../lib/gcc/avr/4.8.2/../../../../avr/lib/avr5\libc.a(snprintf.o) (__prologue_saves__)
d:/program files (x86)/mhv avr tools/bin/../lib/gcc/avr/4.8.2/avr5\libgcc.a(_epilogue.o)
                              d:/program files (x86)/mhv avr tools/bin/../lib/gcc/avr/4.8.2/../../../../avr/lib/avr5\libc.a(snprintf.o) (__epilogue_restores__)

Memory Configuration

Name             Origin             Length             Attributes
text             0x00000000         0x00020000         xr
data             0x00800060         0x0000ffa0         rw !x
eeprom           0x00810000         0x00010000         rw !x
fuse             0x00820000         0x00000400         rw !x
lock             0x00830000         0x00000400         rw !x
signature        0x00840000         0x00000400         rw !x
*default*        0x00000000         0xffffffff

Linker script and memory map

Address of section .data set to 0x800100
LOAD d:/program files (x86)/mhv avr tools/bin/../lib/gcc/avr/4.8.2/../../../../avr/lib/avr5/crtm328p.o
LOAD ./my_uart_init_rx_tx.o
LOAD ../libmy_lcd.a
LOAD ../libser.a
START GROUP
LOAD d:/program files (x86)/mhv avr tools/bin/../lib/gcc/avr/4.8.2/avr5\libgcc.a
LOAD d:/program files (x86)/mhv avr tools/bin/../lib/gcc/avr/4.8.2/../../../../avr/lib/avr5\libm.a
LOAD d:/program files (x86)/mhv avr tools/bin/../lib/gcc/avr/4.8.2/../../../../avr/lib/avr5\libc.a
END GROUP

.hash
 *(.hash)

.dynsym
 *(.dynsym)

.dynstr
 *(.dynstr)

.gnu.version
 *(.gnu.version)

.gnu.version_d
 *(.gnu.version_d)

.gnu.version_r
 *(.gnu.version_r)

.rel.init
 *(.rel.init)

.rela.init
 *(.rela.init)

.rel.text
 *(.rel.text)
 *(.rel.text.*)
 *(.rel.gnu.linkonce.t*)

.rela.text
 *(.rela.text)
 *(.rela.text.*)
 *(.rela.gnu.linkonce.t*)

.rel.fini
 *(.rel.fini)

.rela.fini
 *(.rela.fini)

.rel.rodata
 *(.rel.rodata)
 *(.rel.rodata.*)
 *(.rel.gnu.linkonce.r*)

.rela.rodata
 *(.rela.rodata)
 *(.rela.rodata.*)
 *(.rela.gnu.linkonce.r*)

.rel.data
 *(.rel.data)
 *(.rel.data.*)
 *(.rel.gnu.linkonce.d*)

.rela.data
 *(.rela.data)
 *(.rela.data.*)
 *(.rela.gnu.linkonce.d*)

.rel.ctors
 *(.rel.ctors)

.rela.ctors
 *(.rela.ctors)

.rel.dtors
 *(.rel.dtors)

.rela.dtors
 *(.rela.dtors)

.rel.got
 *(.rel.got)

.rela.got
 *(.rela.got)

.rel.bss
 *(.rel.bss)

.rela.bss
 *(.rela.bss)

.rel.plt
 *(.rel.plt)

.rela.plt
 *(.rela.plt)

.text           0x00000000      0xd6c
 *(.vectors)
 .vectors       0x00000000       0x68 d:/program files (x86)/mhv avr tools/bin/../lib/gcc/avr/4.8.2/../../../../avr/lib/avr5/crtm328p.o
                0x00000000                __vector_default
                0x00000000                __vectors
 *(.vectors)
 *(.progmem.gcc*)
                0x00000068                . = ALIGN (0x2)
                0x00000068                __trampolines_start = .
 *(.trampolines)
 .trampolines   0x00000068        0x0 linker stubs
 *(.trampolines*)
                0x00000068                __trampolines_end = .
 *(.progmem*)
                0x00000068                . = ALIGN (0x2)
 *(.jumptables)
 *(.jumptables*)
 *(.lowtext)
 *(.lowtext*)
                0x00000068                __ctors_start = .
 *(.ctors)
                0x00000068                __ctors_end = .
                0x00000068                __dtors_start = .
 *(.dtors)
                0x00000068                __dtors_end = .
 SORT(*)(.ctors)
 SORT(*)(.dtors)
 *(.init0)
 .init0         0x00000068        0x0 d:/program files (x86)/mhv avr tools/bin/../lib/gcc/avr/4.8.2/../../../../avr/lib/avr5/crtm328p.o
                0x00000068                __init
 *(.init0)
 *(.init1)
 *(.init1)
 *(.init2)
 .init2         0x00000068        0xc d:/program files (x86)/mhv avr tools/bin/../lib/gcc/avr/4.8.2/../../../../avr/lib/avr5/crtm328p.o
 *(.init2)
 *(.init3)
 *(.init3)
 *(.init4)
 .init4         0x00000074       0x16 d:/program files (x86)/mhv avr tools/bin/../lib/gcc/avr/4.8.2/avr5\libgcc.a(_copy_data.o)
                0x00000074                __do_copy_data
 .init4         0x0000008a       0x10 d:/program files (x86)/mhv avr tools/bin/../lib/gcc/avr/4.8.2/avr5\libgcc.a(_clear_bss.o)
                0x0000008a                __do_clear_bss
 *(.init4)
 *(.init5)
 *(.init5)
 *(.init6)
 *(.init6)
 *(.init7)
 *(.init7)
 *(.init8)
 *(.init8)
 *(.init9)
 .init9         0x0000009a        0x8 d:/program files (x86)/mhv avr tools/bin/../lib/gcc/avr/4.8.2/../../../../avr/lib/avr5/crtm328p.o
 *(.init9)
 *(.text)
 .text          0x000000a2        0x4 d:/program files (x86)/mhv avr tools/bin/../lib/gcc/avr/4.8.2/../../../../avr/lib/avr5/crtm328p.o
                0x000000a2                __vector_22
                0x000000a2                __vector_1
                0x000000a2                __vector_24
                0x000000a2                __vector_12
                0x000000a2                __bad_interrupt
                0x000000a2                __vector_6
                0x000000a2                __vector_3
                0x000000a2                __vector_23
                0x000000a2                __vector_25
                0x000000a2                __vector_11
                0x000000a2                __vector_13
                0x000000a2                __vector_17
                0x000000a2                __vector_19
                0x000000a2                __vector_7
                0x000000a2                __vector_5
                0x000000a2                __vector_4
                0x000000a2                __vector_9
                0x000000a2                __vector_2
                0x000000a2                __vector_21
                0x000000a2                __vector_15
                0x000000a2                __vector_8
                0x000000a2                __vector_14
                0x000000a2                __vector_10
                0x000000a2                __vector_16
                0x000000a2                __vector_18
                0x000000a2                __vector_20
 .text          0x000000a6        0x0 ./my_uart_init_rx_tx.o
 .text          0x000000a6        0x0 ../libmy_lcd.a(LCD3_3-InitProc.o)
 .text          0x000000a6        0x0 d:/program files (x86)/mhv avr tools/bin/../lib/gcc/avr/4.8.2/avr5\libgcc.a(_umulhisi3.o)
 .text          0x000000a6        0x0 d:/program files (x86)/mhv avr tools/bin/../lib/gcc/avr/4.8.2/avr5\libgcc.a(_divmodsi4.o)
 .text          0x000000a6        0x0 d:/program files (x86)/mhv avr tools/bin/../lib/gcc/avr/4.8.2/avr5\libgcc.a(_negsi2.o)
 .text          0x000000a6        0x0 d:/program files (x86)/mhv avr tools/bin/../lib/gcc/avr/4.8.2/avr5\libgcc.a(_exit.o)
 .text          0x000000a6        0x0 d:/program files (x86)/mhv avr tools/bin/../lib/gcc/avr/4.8.2/avr5\libgcc.a(_copy_data.o)
 .text          0x000000a6        0x0 d:/program files (x86)/mhv avr tools/bin/../lib/gcc/avr/4.8.2/avr5\libgcc.a(_clear_bss.o)
 .text          0x000000a6        0x0 d:/program files (x86)/mhv avr tools/bin/../lib/gcc/avr/4.8.2/avr5\libgcc.a(_udivmodsi4.o)
 .text          0x000000a6        0x0 d:/program files (x86)/mhv avr tools/bin/../lib/gcc/avr/4.8.2/../../../../avr/lib/avr5\libc.a(snprintf.o)
 .text          0x000000a6        0x0 d:/program files (x86)/mhv avr tools/bin/../lib/gcc/avr/4.8.2/../../../../avr/lib/avr5\libc.a(vfprintf_std.o)
 .text          0x000000a6        0x0 d:/program files (x86)/mhv avr tools/bin/../lib/gcc/avr/4.8.2/../../../../avr/lib/avr5\libc.a(strnlen_P.o)
 .text          0x000000a6        0x0 d:/program files (x86)/mhv avr tools/bin/../lib/gcc/avr/4.8.2/../../../../avr/lib/avr5\libc.a(strnlen.o)
 .text          0x000000a6        0x0 d:/program files (x86)/mhv avr tools/bin/../lib/gcc/avr/4.8.2/../../../../avr/lib/avr5\libc.a(fputc.o)
 .text          0x000000a6        0x0 d:/program files (x86)/mhv avr tools/bin/../lib/gcc/avr/4.8.2/../../../../avr/lib/avr5\libc.a(ultoa_invert.o)
 .text          0x000000a6        0x0 d:/program files (x86)/mhv avr tools/bin/../lib/gcc/avr/4.8.2/avr5\libgcc.a(_prologue.o)
 .text          0x000000a6        0x0 d:/program files (x86)/mhv avr tools/bin/../lib/gcc/avr/4.8.2/avr5\libgcc.a(_epilogue.o)
                0x000000a6                . = ALIGN (0x2)
 *(.text.*)
 .text.my_uart0_init
                0x000000a6       0x3a ./my_uart_init_rx_tx.o
                0x000000a6                my_uart0_init
 .text.my_uart0_rx_byte
                0x000000e0        0xe ./my_uart_init_rx_tx.o
                0x000000e0                my_uart0_rx_byte
 .text.my_uart0_tx_byte
                0x000000ee        0xe ./my_uart_init_rx_tx.o
                0x000000ee                my_uart0_tx_byte
 .text.startup.main
                0x000000fc       0xaa ./my_uart_init_rx_tx.o
                0x000000fc                main
 .text.ctrl_set
                0x000001a6       0x18 ../libmy_lcd.a(LCD3_3-InitProc.o)
 .text.ctrl_clear
                0x000001be       0x1a ../libmy_lcd.a(LCD3_3-InitProc.o)
 .text.pulse_EN
                0x000001d8       0x14 ../libmy_lcd.a(LCD3_3-InitProc.o)
 .text.LCD_checkBusy
                0x000001ec       0x3a ../libmy_lcd.a(LCD3_3-InitProc.o)
 .text.LCD_writeInstruction
                0x00000226       0x5e ../libmy_lcd.a(LCD3_3-InitProc.o)
 .text.my_lcd_clear
                0x00000284       0x4c ../libmy_lcd.a(LCD3_3-InitProc.o)
                0x00000284                my_lcd_clear
 .text.my_lcd_init
                0x000002d0       0xe6 ../libmy_lcd.a(LCD3_3-InitProc.o)
                0x000002d0                my_lcd_init
 .text.my_lcd_display
                0x000003b6      0x106 ../libmy_lcd.a(LCD3_3-InitProc.o)
                0x000003b6                my_lcd_display
 .text.my_lcd_display_AutoWrap
                0x000004bc      0x24e ../libmy_lcd.a(LCD3_3-InitProc.o)
                0x000004bc                my_lcd_display_AutoWrap
 .text.libgcc.mul
                0x0000070a       0x1e d:/program files (x86)/mhv avr tools/bin/../lib/gcc/avr/4.8.2/avr5\libgcc.a(_umulhisi3.o)
                0x0000070a                __umulhisi3
 .text.libgcc.div
                0x00000728        0x0 d:/program files (x86)/mhv avr tools/bin/../lib/gcc/avr/4.8.2/avr5\libgcc.a(_umulhisi3.o)
 .text.libgcc   0x00000728        0x0 d:/program files (x86)/mhv avr tools/bin/../lib/gcc/avr/4.8.2/avr5\libgcc.a(_umulhisi3.o)
 .text.libgcc.prologue
                0x00000728        0x0 d:/program files (x86)/mhv avr tools/bin/../lib/gcc/avr/4.8.2/avr5\libgcc.a(_umulhisi3.o)
 .text.libgcc.builtins
                0x00000728        0x0 d:/program files (x86)/mhv avr tools/bin/../lib/gcc/avr/4.8.2/avr5\libgcc.a(_umulhisi3.o)
 .text.libgcc.fmul
                0x00000728        0x0 d:/program files (x86)/mhv avr tools/bin/../lib/gcc/avr/4.8.2/avr5\libgcc.a(_umulhisi3.o)
 .text.libgcc.fixed
                0x00000728        0x0 d:/program files (x86)/mhv avr tools/bin/../lib/gcc/avr/4.8.2/avr5\libgcc.a(_umulhisi3.o)
 .text.libgcc.mul
                0x00000728        0x0 d:/program files (x86)/mhv avr tools/bin/../lib/gcc/avr/4.8.2/avr5\libgcc.a(_divmodsi4.o)
 .text.libgcc.div
                0x00000728       0x2e d:/program files (x86)/mhv avr tools/bin/../lib/gcc/avr/4.8.2/avr5\libgcc.a(_divmodsi4.o)
                0x00000728                __divmodsi4
 .text.libgcc   0x00000756        0x0 d:/program files (x86)/mhv avr tools/bin/../lib/gcc/avr/4.8.2/avr5\libgcc.a(_divmodsi4.o)
 .text.libgcc.prologue
                0x00000756        0x0 d:/program files (x86)/mhv avr tools/bin/../lib/gcc/avr/4.8.2/avr5\libgcc.a(_divmodsi4.o)
 .text.libgcc.builtins
                0x00000756        0x0 d:/program files (x86)/mhv avr tools/bin/../lib/gcc/avr/4.8.2/avr5\libgcc.a(_divmodsi4.o)
 .text.libgcc.fmul
                0x00000756        0x0 d:/program files (x86)/mhv avr tools/bin/../lib/gcc/avr/4.8.2/avr5\libgcc.a(_divmodsi4.o)
 .text.libgcc.fixed
                0x00000756        0x0 d:/program files (x86)/mhv avr tools/bin/../lib/gcc/avr/4.8.2/avr5\libgcc.a(_divmodsi4.o)
 .text.libgcc.mul
                0x00000756        0x0 d:/program files (x86)/mhv avr tools/bin/../lib/gcc/avr/4.8.2/avr5\libgcc.a(_negsi2.o)
 .text.libgcc.div
                0x00000756       0x10 d:/program files (x86)/mhv avr tools/bin/../lib/gcc/avr/4.8.2/avr5\libgcc.a(_negsi2.o)
                0x00000756                __negsi2
 .text.libgcc   0x00000766        0x0 d:/program files (x86)/mhv avr tools/bin/../lib/gcc/avr/4.8.2/avr5\libgcc.a(_negsi2.o)
 .text.libgcc.prologue
                0x00000766        0x0 d:/program files (x86)/mhv avr tools/bin/../lib/gcc/avr/4.8.2/avr5\libgcc.a(_negsi2.o)
 .text.libgcc.builtins
                0x00000766        0x0 d:/program files (x86)/mhv avr tools/bin/../lib/gcc/avr/4.8.2/avr5\libgcc.a(_negsi2.o)
 .text.libgcc.fmul
                0x00000766        0x0 d:/program files (x86)/mhv avr tools/bin/../lib/gcc/avr/4.8.2/avr5\libgcc.a(_negsi2.o)
 .text.libgcc.fixed
                0x00000766        0x0 d:/program files (x86)/mhv avr tools/bin/../lib/gcc/avr/4.8.2/avr5\libgcc.a(_negsi2.o)
 .text.libgcc.mul
                0x00000766        0x0 d:/program files (x86)/mhv avr tools/bin/../lib/gcc/avr/4.8.2/avr5\libgcc.a(_exit.o)
 .text.libgcc.div
                0x00000766        0x0 d:/program files (x86)/mhv avr tools/bin/../lib/gcc/avr/4.8.2/avr5\libgcc.a(_exit.o)
 .text.libgcc   0x00000766        0x0 d:/program files (x86)/mhv avr tools/bin/../lib/gcc/avr/4.8.2/avr5\libgcc.a(_exit.o)
 .text.libgcc.prologue
                0x00000766        0x0 d:/program files (x86)/mhv avr tools/bin/../lib/gcc/avr/4.8.2/avr5\libgcc.a(_exit.o)
 .text.libgcc.builtins
                0x00000766        0x0 d:/program files (x86)/mhv avr tools/bin/../lib/gcc/avr/4.8.2/avr5\libgcc.a(_exit.o)
 .text.libgcc.fmul
                0x00000766        0x0 d:/program files (x86)/mhv avr tools/bin/../lib/gcc/avr/4.8.2/avr5\libgcc.a(_exit.o)
 .text.libgcc.fixed
                0x00000766        0x0 d:/program files (x86)/mhv avr tools/bin/../lib/gcc/avr/4.8.2/avr5\libgcc.a(_exit.o)
 .text.libgcc.mul
                0x00000766        0x0 d:/program files (x86)/mhv avr tools/bin/../lib/gcc/avr/4.8.2/avr5\libgcc.a(_copy_data.o)
 .text.libgcc.div
                0x00000766        0x0 d:/program files (x86)/mhv avr tools/bin/../lib/gcc/avr/4.8.2/avr5\libgcc.a(_copy_data.o)
 .text.libgcc   0x00000766        0x0 d:/program files (x86)/mhv avr tools/bin/../lib/gcc/avr/4.8.2/avr5\libgcc.a(_copy_data.o)
 .text.libgcc.prologue
                0x00000766        0x0 d:/program files (x86)/mhv avr tools/bin/../lib/gcc/avr/4.8.2/avr5\libgcc.a(_copy_data.o)
 .text.libgcc.builtins
                0x00000766        0x0 d:/program files (x86)/mhv avr tools/bin/../lib/gcc/avr/4.8.2/avr5\libgcc.a(_copy_data.o)
 .text.libgcc.fmul
                0x00000766        0x0 d:/program files (x86)/mhv avr tools/bin/../lib/gcc/avr/4.8.2/avr5\libgcc.a(_copy_data.o)
 .text.libgcc.fixed
                0x00000766        0x0 d:/program files (x86)/mhv avr tools/bin/../lib/gcc/avr/4.8.2/avr5\libgcc.a(_copy_data.o)
 .text.libgcc.mul
                0x00000766        0x0 d:/program files (x86)/mhv avr tools/bin/../lib/gcc/avr/4.8.2/avr5\libgcc.a(_clear_bss.o)
 .text.libgcc.div
                0x00000766        0x0 d:/program files (x86)/mhv avr tools/bin/../lib/gcc/avr/4.8.2/avr5\libgcc.a(_clear_bss.o)
 .text.libgcc   0x00000766        0x0 d:/program files (x86)/mhv avr tools/bin/../lib/gcc/avr/4.8.2/avr5\libgcc.a(_clear_bss.o)
 .text.libgcc.prologue
                0x00000766        0x0 d:/program files (x86)/mhv avr tools/bin/../lib/gcc/avr/4.8.2/avr5\libgcc.a(_clear_bss.o)
 .text.libgcc.builtins
                0x00000766        0x0 d:/program files (x86)/mhv avr tools/bin/../lib/gcc/avr/4.8.2/avr5\libgcc.a(_clear_bss.o)
 .text.libgcc.fmul
                0x00000766        0x0 d:/program files (x86)/mhv avr tools/bin/../lib/gcc/avr/4.8.2/avr5\libgcc.a(_clear_bss.o)
 .text.libgcc.fixed
                0x00000766        0x0 d:/program files (x86)/mhv avr tools/bin/../lib/gcc/avr/4.8.2/avr5\libgcc.a(_clear_bss.o)
 .text.libgcc.mul
                0x00000766        0x0 d:/program files (x86)/mhv avr tools/bin/../lib/gcc/avr/4.8.2/avr5\libgcc.a(_udivmodsi4.o)
 .text.libgcc.div
                0x00000766       0x44 d:/program files (x86)/mhv avr tools/bin/../lib/gcc/avr/4.8.2/avr5\libgcc.a(_udivmodsi4.o)
                0x00000766                __udivmodsi4
 .text.libgcc   0x000007aa        0x0 d:/program files (x86)/mhv avr tools/bin/../lib/gcc/avr/4.8.2/avr5\libgcc.a(_udivmodsi4.o)
 .text.libgcc.prologue
                0x000007aa        0x0 d:/program files (x86)/mhv avr tools/bin/../lib/gcc/avr/4.8.2/avr5\libgcc.a(_udivmodsi4.o)
 .text.libgcc.builtins
                0x000007aa        0x0 d:/program files (x86)/mhv avr tools/bin/../lib/gcc/avr/4.8.2/avr5\libgcc.a(_udivmodsi4.o)
 .text.libgcc.fmul
                0x000007aa        0x0 d:/program files (x86)/mhv avr tools/bin/../lib/gcc/avr/4.8.2/avr5\libgcc.a(_udivmodsi4.o)
 .text.libgcc.fixed
                0x000007aa        0x0 d:/program files (x86)/mhv avr tools/bin/../lib/gcc/avr/4.8.2/avr5\libgcc.a(_udivmodsi4.o)
 .text.avr-libc
                0x000007aa       0x60 d:/program files (x86)/mhv avr tools/bin/../lib/gcc/avr/4.8.2/../../../../avr/lib/avr5\libc.a(snprintf.o)
                0x000007aa                snprintf
 .text.avr-libc
                0x0000080a      0x3a4 d:/program files (x86)/mhv avr tools/bin/../lib/gcc/avr/4.8.2/../../../../avr/lib/avr5\libc.a(vfprintf_std.o)
                0x0000080a                vfprintf
 .text.avr-libc
                0x00000bae       0x16 d:/program files (x86)/mhv avr tools/bin/../lib/gcc/avr/4.8.2/../../../../avr/lib/avr5\libc.a(strnlen_P.o)
                0x00000bae                strnlen_P
 .text.avr-libc
                0x00000bc4       0x16 d:/program files (x86)/mhv avr tools/bin/../lib/gcc/avr/4.8.2/../../../../avr/lib/avr5\libc.a(strnlen.o)
                0x00000bc4                strnlen
 .text.avr-libc
                0x00000bda       0x64 d:/program files (x86)/mhv avr tools/bin/../lib/gcc/avr/4.8.2/../../../../avr/lib/avr5\libc.a(fputc.o)
                0x00000bda                fputc
 .text.avr-libc
                0x00000c3e       0xbc d:/program files (x86)/mhv avr tools/bin/../lib/gcc/avr/4.8.2/../../../../avr/lib/avr5\libc.a(ultoa_invert.o)
                0x00000c3e                __ultoa_invert
 .text.libgcc.mul
                0x00000cfa        0x0 d:/program files (x86)/mhv avr tools/bin/../lib/gcc/avr/4.8.2/avr5\libgcc.a(_prologue.o)
 .text.libgcc.div
                0x00000cfa        0x0 d:/program files (x86)/mhv avr tools/bin/../lib/gcc/avr/4.8.2/avr5\libgcc.a(_prologue.o)
 .text.libgcc   0x00000cfa        0x0 d:/program files (x86)/mhv avr tools/bin/../lib/gcc/avr/4.8.2/avr5\libgcc.a(_prologue.o)
 .text.libgcc.prologue
                0x00000cfa       0x38 d:/program files (x86)/mhv avr tools/bin/../lib/gcc/avr/4.8.2/avr5\libgcc.a(_prologue.o)
                0x00000cfa                __prologue_saves__
 .text.libgcc.builtins
                0x00000d32        0x0 d:/program files (x86)/mhv avr tools/bin/../lib/gcc/avr/4.8.2/avr5\libgcc.a(_prologue.o)
 .text.libgcc.fmul
                0x00000d32        0x0 d:/program files (x86)/mhv avr tools/bin/../lib/gcc/avr/4.8.2/avr5\libgcc.a(_prologue.o)
 .text.libgcc.fixed
                0x00000d32        0x0 d:/program files (x86)/mhv avr tools/bin/../lib/gcc/avr/4.8.2/avr5\libgcc.a(_prologue.o)
 .text.libgcc.mul
                0x00000d32        0x0 d:/program files (x86)/mhv avr tools/bin/../lib/gcc/avr/4.8.2/avr5\libgcc.a(_epilogue.o)
 .text.libgcc.div
                0x00000d32        0x0 d:/program files (x86)/mhv avr tools/bin/../lib/gcc/avr/4.8.2/avr5\libgcc.a(_epilogue.o)
 .text.libgcc   0x00000d32        0x0 d:/program files (x86)/mhv avr tools/bin/../lib/gcc/avr/4.8.2/avr5\libgcc.a(_epilogue.o)
 .text.libgcc.prologue
                0x00000d32       0x36 d:/program files (x86)/mhv avr tools/bin/../lib/gcc/avr/4.8.2/avr5\libgcc.a(_epilogue.o)
                0x00000d32                __epilogue_restores__
 .text.libgcc.builtins
                0x00000d68        0x0 d:/program files (x86)/mhv avr tools/bin/../lib/gcc/avr/4.8.2/avr5\libgcc.a(_epilogue.o)
 .text.libgcc.fmul
                0x00000d68        0x0 d:/program files (x86)/mhv avr tools/bin/../lib/gcc/avr/4.8.2/avr5\libgcc.a(_epilogue.o)
 .text.libgcc.fixed
                0x00000d68        0x0 d:/program files (x86)/mhv avr tools/bin/../lib/gcc/avr/4.8.2/avr5\libgcc.a(_epilogue.o)
                0x00000d68                . = ALIGN (0x2)
 *(.fini9)
 .fini9         0x00000d68        0x0 d:/program files (x86)/mhv avr tools/bin/../lib/gcc/avr/4.8.2/avr5\libgcc.a(_exit.o)
                0x00000d68                _exit
                0x00000d68                exit
 *(.fini9)
 *(.fini8)
 *(.fini8)
 *(.fini7)
 *(.fini7)
 *(.fini6)
 *(.fini6)
 *(.fini5)
 *(.fini5)
 *(.fini4)
 *(.fini4)
 *(.fini3)
 *(.fini3)
 *(.fini2)
 *(.fini2)
 *(.fini1)
 *(.fini1)
 *(.fini0)
 .fini0         0x00000d68        0x4 d:/program files (x86)/mhv avr tools/bin/../lib/gcc/avr/4.8.2/avr5\libgcc.a(_exit.o)
 *(.fini0)
                0x00000d6c                _etext = .

.data           0x00800100        0x4 load address 0x00000d6c
                0x00800100                PROVIDE (__data_start, .)
 *(.data)
 .data          0x00800100        0x0 d:/program files (x86)/mhv avr tools/bin/../lib/gcc/avr/4.8.2/../../../../avr/lib/avr5/crtm328p.o
 .data          0x00800100        0x0 ./my_uart_init_rx_tx.o
 .data          0x00800100        0x0 ../libmy_lcd.a(LCD3_3-InitProc.o)
 .data          0x00800100        0x0 d:/program files (x86)/mhv avr tools/bin/../lib/gcc/avr/4.8.2/avr5\libgcc.a(_umulhisi3.o)
 .data          0x00800100        0x0 d:/program files (x86)/mhv avr tools/bin/../lib/gcc/avr/4.8.2/avr5\libgcc.a(_divmodsi4.o)
 .data          0x00800100        0x0 d:/program files (x86)/mhv avr tools/bin/../lib/gcc/avr/4.8.2/avr5\libgcc.a(_negsi2.o)
 .data          0x00800100        0x0 d:/program files (x86)/mhv avr tools/bin/../lib/gcc/avr/4.8.2/avr5\libgcc.a(_exit.o)
 .data          0x00800100        0x0 d:/program files (x86)/mhv avr tools/bin/../lib/gcc/avr/4.8.2/avr5\libgcc.a(_copy_data.o)
 .data          0x00800100        0x0 d:/program files (x86)/mhv avr tools/bin/../lib/gcc/avr/4.8.2/avr5\libgcc.a(_clear_bss.o)
 .data          0x00800100        0x0 d:/program files (x86)/mhv avr tools/bin/../lib/gcc/avr/4.8.2/avr5\libgcc.a(_udivmodsi4.o)
 .data          0x00800100        0x0 d:/program files (x86)/mhv avr tools/bin/../lib/gcc/avr/4.8.2/../../../../avr/lib/avr5\libc.a(snprintf.o)
 .data          0x00800100        0x0 d:/program files (x86)/mhv avr tools/bin/../lib/gcc/avr/4.8.2/../../../../avr/lib/avr5\libc.a(vfprintf_std.o)
 .data          0x00800100        0x0 d:/program files (x86)/mhv avr tools/bin/../lib/gcc/avr/4.8.2/../../../../avr/lib/avr5\libc.a(strnlen_P.o)
 .data          0x00800100        0x0 d:/program files (x86)/mhv avr tools/bin/../lib/gcc/avr/4.8.2/../../../../avr/lib/avr5\libc.a(strnlen.o)
 .data          0x00800100        0x0 d:/program files (x86)/mhv avr tools/bin/../lib/gcc/avr/4.8.2/../../../../avr/lib/avr5\libc.a(fputc.o)
 .data          0x00800100        0x0 d:/program files (x86)/mhv avr tools/bin/../lib/gcc/avr/4.8.2/../../../../avr/lib/avr5\libc.a(ultoa_invert.o)
 .data          0x00800100        0x0 d:/program files (x86)/mhv avr tools/bin/../lib/gcc/avr/4.8.2/avr5\libgcc.a(_prologue.o)
 .data          0x00800100        0x0 d:/program files (x86)/mhv avr tools/bin/../lib/gcc/avr/4.8.2/avr5\libgcc.a(_epilogue.o)
 *(.data*)
 *(.rodata)
 *(.rodata*)
 .rodata.str1.1
                0x00800100        0x3 ./my_uart_init_rx_tx.o
 .rodata.str1.1
                0x00000000        0x3 ../libmy_lcd.a(LCD3_3-InitProc.o)
 *(.gnu.linkonce.d*)
                0x00800104                . = ALIGN (0x2)
 *fill*         0x00800103        0x1 
                0x00800104                _edata = .
                0x00800104                PROVIDE (__data_end, .)

.bss            0x00800104        0x2
                0x00800104                PROVIDE (__bss_start, .)
 *(.bss)
 .bss           0x00800104        0x0 d:/program files (x86)/mhv avr tools/bin/../lib/gcc/avr/4.8.2/../../../../avr/lib/avr5/crtm328p.o
 .bss           0x00800104        0x0 ./my_uart_init_rx_tx.o
 .bss           0x00800104        0x0 ../libmy_lcd.a(LCD3_3-InitProc.o)
 .bss           0x00800104        0x0 d:/program files (x86)/mhv avr tools/bin/../lib/gcc/avr/4.8.2/avr5\libgcc.a(_umulhisi3.o)
 .bss           0x00800104        0x0 d:/program files (x86)/mhv avr tools/bin/../lib/gcc/avr/4.8.2/avr5\libgcc.a(_divmodsi4.o)
 .bss           0x00800104        0x0 d:/program files (x86)/mhv avr tools/bin/../lib/gcc/avr/4.8.2/avr5\libgcc.a(_negsi2.o)
 .bss           0x00800104        0x0 d:/program files (x86)/mhv avr tools/bin/../lib/gcc/avr/4.8.2/avr5\libgcc.a(_exit.o)
 .bss           0x00800104        0x0 d:/program files (x86)/mhv avr tools/bin/../lib/gcc/avr/4.8.2/avr5\libgcc.a(_copy_data.o)
 .bss           0x00800104        0x0 d:/program files (x86)/mhv avr tools/bin/../lib/gcc/avr/4.8.2/avr5\libgcc.a(_clear_bss.o)
 .bss           0x00800104        0x0 d:/program files (x86)/mhv avr tools/bin/../lib/gcc/avr/4.8.2/avr5\libgcc.a(_udivmodsi4.o)
 .bss           0x00800104        0x0 d:/program files (x86)/mhv avr tools/bin/../lib/gcc/avr/4.8.2/../../../../avr/lib/avr5\libc.a(snprintf.o)
 .bss           0x00800104        0x0 d:/program files (x86)/mhv avr tools/bin/../lib/gcc/avr/4.8.2/../../../../avr/lib/avr5\libc.a(vfprintf_std.o)
 .bss           0x00800104        0x0 d:/program files (x86)/mhv avr tools/bin/../lib/gcc/avr/4.8.2/../../../../avr/lib/avr5\libc.a(strnlen_P.o)
 .bss           0x00800104        0x0 d:/program files (x86)/mhv avr tools/bin/../lib/gcc/avr/4.8.2/../../../../avr/lib/avr5\libc.a(strnlen.o)
 .bss           0x00800104        0x0 d:/program files (x86)/mhv avr tools/bin/../lib/gcc/avr/4.8.2/../../../../avr/lib/avr5\libc.a(fputc.o)
 .bss           0x00800104        0x0 d:/program files (x86)/mhv avr tools/bin/../lib/gcc/avr/4.8.2/../../../../avr/lib/avr5\libc.a(ultoa_invert.o)
 .bss           0x00800104        0x0 d:/program files (x86)/mhv avr tools/bin/../lib/gcc/avr/4.8.2/avr5\libgcc.a(_prologue.o)
 .bss           0x00800104        0x0 d:/program files (x86)/mhv avr tools/bin/../lib/gcc/avr/4.8.2/avr5\libgcc.a(_epilogue.o)
 *(.bss*)
 .bss.bitmode   0x00800104        0x1 ../libmy_lcd.a(LCD3_3-InitProc.o)
 .bss.ctrl_port_mode_b
                0x00800105        0x1 ../libmy_lcd.a(LCD3_3-InitProc.o)
 *(COMMON)
                0x00800106                PROVIDE (__bss_end, .)
                0x00000d6c                __data_load_start = LOADADDR (.data)
                0x00000d70                __data_load_end = (__data_load_start + SIZEOF (.data))

.noinit         0x00800106        0x0
                0x00800106                PROVIDE (__noinit_start, .)
 *(.noinit*)
                0x00800106                PROVIDE (__noinit_end, .)
                0x00800106                _end = .
                0x00800106                PROVIDE (__heap_start, .)

.eeprom         0x00810000        0x0
 *(.eeprom*)
                0x00810000                __eeprom_end = .

.fuse
 *(.fuse)
 *(.lfuse)
 *(.hfuse)
 *(.efuse)

.lock
 *(.lock*)

.signature
 *(.signature*)

.stab
 *(.stab)

.stabstr
 *(.stabstr)

.stab.excl
 *(.stab.excl)

.stab.exclstr
 *(.stab.exclstr)

.stab.index
 *(.stab.index)

.stab.indexstr
 *(.stab.indexstr)

.comment        0x00000000       0x38
 *(.comment)
 .comment       0x00000000       0x27 ./my_uart_init_rx_tx.o
                                 0x28 (size before relaxing)
 .comment       0x00000027       0x11 ../libmy_lcd.a(LCD3_3-InitProc.o)
                                 0x12 (size before relaxing)
 .comment       0x00000000       0x28 d:/program files (x86)/mhv avr tools/bin/../lib/gcc/avr/4.8.2/../../../../avr/lib/avr5\libc.a(snprintf.o)
 .comment       0x00000000       0x28 d:/program files (x86)/mhv avr tools/bin/../lib/gcc/avr/4.8.2/../../../../avr/lib/avr5\libc.a(vfprintf_std.o)
 .comment       0x00000000       0x28 d:/program files (x86)/mhv avr tools/bin/../lib/gcc/avr/4.8.2/../../../../avr/lib/avr5\libc.a(fputc.o)

.note.gnu.build-id
 *(.note.gnu.build-id)

.debug
 *(.debug)

.line
 *(.line)

.debug_srcinfo
 *(.debug_srcinfo)

.debug_sfnames
 *(.debug_sfnames)

.debug_aranges  0x00000000      0x120
 *(.debug_aranges)
 .debug_aranges
                0x00000000       0x20 d:/program files (x86)/mhv avr tools/bin/../lib/gcc/avr/4.8.2/avr5\libgcc.a(_umulhisi3.o)
 .debug_aranges
                0x00000020       0x20 d:/program files (x86)/mhv avr tools/bin/../lib/gcc/avr/4.8.2/avr5\libgcc.a(_divmodsi4.o)
 .debug_aranges
                0x00000040       0x20 d:/program files (x86)/mhv avr tools/bin/../lib/gcc/avr/4.8.2/avr5\libgcc.a(_negsi2.o)
 .debug_aranges
                0x00000060       0x20 d:/program files (x86)/mhv avr tools/bin/../lib/gcc/avr/4.8.2/avr5\libgcc.a(_exit.o)
 .debug_aranges
                0x00000080       0x20 d:/program files (x86)/mhv avr tools/bin/../lib/gcc/avr/4.8.2/avr5\libgcc.a(_copy_data.o)
 .debug_aranges
                0x000000a0       0x20 d:/program files (x86)/mhv avr tools/bin/../lib/gcc/avr/4.8.2/avr5\libgcc.a(_clear_bss.o)
 .debug_aranges
                0x000000c0       0x20 d:/program files (x86)/mhv avr tools/bin/../lib/gcc/avr/4.8.2/avr5\libgcc.a(_udivmodsi4.o)
 .debug_aranges
                0x000000e0       0x20 d:/program files (x86)/mhv avr tools/bin/../lib/gcc/avr/4.8.2/avr5\libgcc.a(_prologue.o)
 .debug_aranges
                0x00000100       0x20 d:/program files (x86)/mhv avr tools/bin/../lib/gcc/avr/4.8.2/avr5\libgcc.a(_epilogue.o)

.debug_pubnames
 *(.debug_pubnames)

.debug_info     0x00000000      0xb79
 *(.debug_info .gnu.linkonce.wi.*)
 .debug_info    0x00000000      0x5f4 d:/program files (x86)/mhv avr tools/bin/../lib/gcc/avr/4.8.2/../../../../avr/lib/avr5/crtm328p.o
 .debug_info    0x000005f4       0x9d d:/program files (x86)/mhv avr tools/bin/../lib/gcc/avr/4.8.2/avr5\libgcc.a(_umulhisi3.o)
 .debug_info    0x00000691       0x9d d:/program files (x86)/mhv avr tools/bin/../lib/gcc/avr/4.8.2/avr5\libgcc.a(_divmodsi4.o)
 .debug_info    0x0000072e       0x9d d:/program files (x86)/mhv avr tools/bin/../lib/gcc/avr/4.8.2/avr5\libgcc.a(_negsi2.o)
 .debug_info    0x000007cb       0x9d d:/program files (x86)/mhv avr tools/bin/../lib/gcc/avr/4.8.2/avr5\libgcc.a(_exit.o)
 .debug_info    0x00000868       0x9d d:/program files (x86)/mhv avr tools/bin/../lib/gcc/avr/4.8.2/avr5\libgcc.a(_copy_data.o)
 .debug_info    0x00000905       0x9d d:/program files (x86)/mhv avr tools/bin/../lib/gcc/avr/4.8.2/avr5\libgcc.a(_clear_bss.o)
 .debug_info    0x000009a2       0x9d d:/program files (x86)/mhv avr tools/bin/../lib/gcc/avr/4.8.2/avr5\libgcc.a(_udivmodsi4.o)
 .debug_info    0x00000a3f       0x9d d:/program files (x86)/mhv avr tools/bin/../lib/gcc/avr/4.8.2/avr5\libgcc.a(_prologue.o)
 .debug_info    0x00000adc       0x9d d:/program files (x86)/mhv avr tools/bin/../lib/gcc/avr/4.8.2/avr5\libgcc.a(_epilogue.o)

.debug_abbrev   0x00000000      0x656
 *(.debug_abbrev)
 .debug_abbrev  0x00000000      0x5a2 d:/program files (x86)/mhv avr tools/bin/../lib/gcc/avr/4.8.2/../../../../avr/lib/avr5/crtm328p.o
 .debug_abbrev  0x000005a2       0x14 d:/program files (x86)/mhv avr tools/bin/../lib/gcc/avr/4.8.2/avr5\libgcc.a(_umulhisi3.o)
 .debug_abbrev  0x000005b6       0x14 d:/program files (x86)/mhv avr tools/bin/../lib/gcc/avr/4.8.2/avr5\libgcc.a(_divmodsi4.o)
 .debug_abbrev  0x000005ca       0x14 d:/program files (x86)/mhv avr tools/bin/../lib/gcc/avr/4.8.2/avr5\libgcc.a(_negsi2.o)
 .debug_abbrev  0x000005de       0x14 d:/program files (x86)/mhv avr tools/bin/../lib/gcc/avr/4.8.2/avr5\libgcc.a(_exit.o)
 .debug_abbrev  0x000005f2       0x14 d:/program files (x86)/mhv avr tools/bin/../lib/gcc/avr/4.8.2/avr5\libgcc.a(_copy_data.o)
 .debug_abbrev  0x00000606       0x14 d:/program files (x86)/mhv avr tools/bin/../lib/gcc/avr/4.8.2/avr5\libgcc.a(_clear_bss.o)
 .debug_abbrev  0x0000061a       0x14 d:/program files (x86)/mhv avr tools/bin/../lib/gcc/avr/4.8.2/avr5\libgcc.a(_udivmodsi4.o)
 .debug_abbrev  0x0000062e       0x14 d:/program files (x86)/mhv avr tools/bin/../lib/gcc/avr/4.8.2/avr5\libgcc.a(_prologue.o)
 .debug_abbrev  0x00000642       0x14 d:/program files (x86)/mhv avr tools/bin/../lib/gcc/avr/4.8.2/avr5\libgcc.a(_epilogue.o)

.debug_line     0x00000000      0x450
 *(.debug_line .debug_line.* .debug_line_end)
 .debug_line    0x00000000       0x1a d:/program files (x86)/mhv avr tools/bin/../lib/gcc/avr/4.8.2/../../../../avr/lib/avr5/crtm328p.o
 .debug_line    0x0000001a       0x76 d:/program files (x86)/mhv avr tools/bin/../lib/gcc/avr/4.8.2/avr5\libgcc.a(_umulhisi3.o)
 .debug_line    0x00000090       0x7b d:/program files (x86)/mhv avr tools/bin/../lib/gcc/avr/4.8.2/avr5\libgcc.a(_divmodsi4.o)
 .debug_line    0x0000010b       0x69 d:/program files (x86)/mhv avr tools/bin/../lib/gcc/avr/4.8.2/avr5\libgcc.a(_negsi2.o)
 .debug_line    0x00000174       0x69 d:/program files (x86)/mhv avr tools/bin/../lib/gcc/avr/4.8.2/avr5\libgcc.a(_exit.o)
 .debug_line    0x000001dd       0x72 d:/program files (x86)/mhv avr tools/bin/../lib/gcc/avr/4.8.2/avr5\libgcc.a(_copy_data.o)
 .debug_line    0x0000024f       0x6f d:/program files (x86)/mhv avr tools/bin/../lib/gcc/avr/4.8.2/avr5\libgcc.a(_clear_bss.o)
 .debug_line    0x000002be       0x89 d:/program files (x86)/mhv avr tools/bin/../lib/gcc/avr/4.8.2/avr5\libgcc.a(_udivmodsi4.o)
 .debug_line    0x00000347       0x85 d:/program files (x86)/mhv avr tools/bin/../lib/gcc/avr/4.8.2/avr5\libgcc.a(_prologue.o)
 .debug_line    0x000003cc       0x84 d:/program files (x86)/mhv avr tools/bin/../lib/gcc/avr/4.8.2/avr5\libgcc.a(_epilogue.o)

.debug_frame
 *(.debug_frame)

.debug_str      0x00000000      0x20b
 *(.debug_str)
 .debug_str     0x00000000      0x20b d:/program files (x86)/mhv avr tools/bin/../lib/gcc/avr/4.8.2/../../../../avr/lib/avr5/crtm328p.o

.debug_loc
 *(.debug_loc)

.debug_macinfo
 *(.debug_macinfo)

.debug_weaknames
 *(.debug_weaknames)

.debug_funcnames
 *(.debug_funcnames)

.debug_typenames
 *(.debug_typenames)

.debug_varnames
 *(.debug_varnames)

.debug_pubtypes
 *(.debug_pubtypes)

.debug_ranges
 *(.debug_ranges)

.debug_macro
 *(.debug_macro)
OUTPUT(Lab5_UART_Init_Rx_Tx.elf elf32-avr)
LOAD linker stubs
